[G:/网站整站下载器 v1.0/ui/bootstrap/zihan/www.zi-han.net/theme/se7en/index.html]
[G:/网站整站下载器 v1.0/ui/bootstrap/zihan/backblue.gif]
[G:/网站整站下载器 v1.0/ui/bootstrap/zihan/fade.gif]
[G:/网站整站下载器 v1.0/ui/bootstrap/zihan/index.html]
[G:/网站整站下载器 v1.0/ui/bootstrap/zihan/www.zi-han.net/theme/se7en/stylesheets/bootstrap.min.css]
[G:/网站整站下载器 v1.0/ui/bootstrap/zihan/www.zi-han.net/theme/se7en/stylesheets/font-awesome.css]
[G:/网站整站下载器 v1.0/ui/bootstrap/zihan/www.zi-han.net/theme/se7en/stylesheets/se7en-font.css]
[G:/网站整站下载器 v1.0/ui/bootstrap/zihan/www.zi-han.net/theme/se7en/stylesheets/isotope.css]
[G:/网站整站下载器 v1.0/ui/bootstrap/zihan/www.zi-han.net/theme/se7en/stylesheets/jquery.fancybox.css]
[G:/网站整站下载器 v1.0/ui/bootstrap/zihan/www.zi-han.net/theme/se7en/stylesheets/fullcalendar.css]
[G:/网站整站下载器 v1.0/ui/bootstrap/zihan/www.zi-han.net/theme/se7en/stylesheets/wizard.css]
[G:/网站整站下载器 v1.0/ui/bootstrap/zihan/www.zi-han.net/theme/se7en/stylesheets/select2.css]
[G:/网站整站下载器 v1.0/ui/bootstrap/zihan/www.zi-han.net/theme/se7en/stylesheets/morris.css]
[G:/网站整站下载器 v1.0/ui/bootstrap/zihan/www.zi-han.net/theme/se7en/stylesheets/datatables.css]
[G:/网站整站下载器 v1.0/ui/bootstrap/zihan/www.zi-han.net/theme/se7en/stylesheets/datepicker.css]
[G:/网站整站下载器 v1.0/ui/bootstrap/zihan/www.zi-han.net/theme/se7en/stylesheets/timepicker.css]
[G:/网站整站下载器 v1.0/ui/bootstrap/zihan/www.zi-han.net/theme/se7en/stylesheets/colorpicker.css]
[G:/网站整站下载器 v1.0/ui/bootstrap/zihan/www.zi-han.net/theme/se7en/stylesheets/bootstrap-switch.css]
[G:/网站整站下载器 v1.0/ui/bootstrap/zihan/www.zi-han.net/theme/se7en/stylesheets/daterange-picker.css]
[G:/网站整站下载器 v1.0/ui/bootstrap/zihan/www.zi-han.net/theme/se7en/stylesheets/typeahead.css]
[G:/网站整站下载器 v1.0/ui/bootstrap/zihan/www.zi-han.net/theme/se7en/stylesheets/summernote.css]
[G:/网站整站下载器 v1.0/ui/bootstrap/zihan/www.zi-han.net/theme/se7en/stylesheets/pygments.css]
[G:/网站整站下载器 v1.0/ui/bootstrap/zihan/www.zi-han.net/theme/se7en/stylesheets/style.css]
[G:/网站整站下载器 v1.0/ui/bootstrap/zihan/www.zi-han.net/theme/se7en/stylesheets/color/green.css]
[G:/网站整站下载器 v1.0/ui/bootstrap/zihan/www.zi-han.net/theme/se7en/stylesheets/color/orange.css]
[G:/网站整站下载器 v1.0/ui/bootstrap/zihan/www.zi-han.net/theme/se7en/stylesheets/color/magenta.css]
[G:/网站整站下载器 v1.0/ui/bootstrap/zihan/www.zi-han.net/theme/se7en/stylesheets/color/gray.css]
[G:/网站整站下载器 v1.0/ui/bootstrap/zihan/code.jquery.com/jquery-1.10.2.min.js]
[G:/网站整站下载器 v1.0/ui/bootstrap/zihan/code.jquery.com/ui/1.10.3/jquery-ui.js]
[G:/网站整站下载器 v1.0/ui/bootstrap/zihan/www.zi-han.net/theme/se7en/javascripts/selectivizr-min.js]
[G:/网站整站下载器 v1.0/ui/bootstrap/zihan/www.zi-han.net/theme/se7en/javascripts/bootstrap.min.js]
[G:/网站整站下载器 v1.0/ui/bootstrap/zihan/www.zi-han.net/theme/se7en/javascripts/jquery.mousewheel.js]
[G:/网站整站下载器 v1.0/ui/bootstrap/zihan/www.zi-han.net/theme/se7en/javascripts/jquery.vmap.sampledata.js]
[G:/网站整站下载器 v1.0/ui/bootstrap/zihan/www.zi-han.net/theme/se7en/javascripts/jquery.vmap.min.js]
[G:/网站整站下载器 v1.0/ui/bootstrap/zihan/www.zi-han.net/theme/se7en/javascripts/raphael.min.js]
[G:/网站整站下载器 v1.0/ui/bootstrap/zihan/www.zi-han.net/theme/se7en/javascripts/jquery.bootstrap.wizard.js]
[G:/网站整站下载器 v1.0/ui/bootstrap/zihan/www.zi-han.net/theme/se7en/javascripts/gcal.js]
[G:/网站整站下载器 v1.0/ui/bootstrap/zihan/www.zi-han.net/theme/se7en/javascripts/datatable-editable.js]
[G:/网站整站下载器 v1.0/ui/bootstrap/zihan/www.zi-han.net/theme/se7en/javascripts/jquery.vmap.world.js]
[G:/网站整站下载器 v1.0/ui/bootstrap/zihan/www.zi-han.net/theme/se7en/javascripts/jquery.easy-pie-chart.js]
[G:/网站整站下载器 v1.0/ui/bootstrap/zihan/www.zi-han.net/theme/se7en/javascripts/excanvas.min.js]
[G:/网站整站下载器 v1.0/ui/bootstrap/zihan/www.zi-han.net/theme/se7en/javascripts/jquery.isotope.min.js]
[G:/网站整站下载器 v1.0/ui/bootstrap/zihan/www.zi-han.net/theme/se7en/javascripts/jquery.dataTables.min.js]
[G:/网站整站下载器 v1.0/ui/bootstrap/zihan/www.zi-han.net/theme/se7en/javascripts/isotope_extras.js]
[G:/网站整站下载器 v1.0/ui/bootstrap/zihan/www.zi-han.net/theme/se7en/javascripts/fullcalendar.min.js]
[G:/网站整站下载器 v1.0/ui/bootstrap/zihan/www.zi-han.net/theme/se7en/javascripts/modernizr.custom.js]
[G:/网站整站下载器 v1.0/ui/bootstrap/zihan/www.zi-han.net/theme/se7en/javascripts/jquery.fancybox.pack.js]
[G:/网站整站下载器 v1.0/ui/bootstrap/zihan/www.zi-han.net/theme/se7en/javascripts/styleswitcher.js]
[G:/网站整站下载器 v1.0/ui/bootstrap/zihan/www.zi-han.net/theme/se7en/javascripts/wysiwyg.js]
[G:/网站整站下载器 v1.0/ui/bootstrap/zihan/www.zi-han.net/theme/se7en/javascripts/select2.js]
[G:/网站整站下载器 v1.0/ui/bootstrap/zihan/www.zi-han.net/theme/se7en/javascripts/summernote.min.js]
[G:/网站整站下载器 v1.0/ui/bootstrap/zihan/www.zi-han.net/theme/se7en/javascripts/bootstrap-fileupload.js]
[G:/网站整站下载器 v1.0/ui/bootstrap/zihan/www.zi-han.net/theme/se7en/javascripts/jquery.inputmask.min.js]
[G:/网站整站下载器 v1.0/ui/bootstrap/zihan/www.zi-han.net/theme/se7en/javascripts/jquery.validate.js]
[G:/网站整站下载器 v1.0/ui/bootstrap/zihan/www.zi-han.net/theme/se7en/javascripts/bootstrap-timepicker.js]
[G:/网站整站下载器 v1.0/ui/bootstrap/zihan/www.zi-han.net/theme/se7en/javascripts/bootstrap-colorpicker.js]
[G:/网站整站下载器 v1.0/ui/bootstrap/zihan/www.zi-han.net/theme/se7en/javascripts/bootstrap-datepicker.js]
[G:/网站整站下载器 v1.0/ui/bootstrap/zihan/www.zi-han.net/theme/se7en/javascripts/bootstrap-switch.min.js]
[G:/网站整站下载器 v1.0/ui/bootstrap/zihan/www.zi-han.net/theme/se7en/javascripts/daterange-picker.js]
[G:/网站整站下载器 v1.0/ui/bootstrap/zihan/www.zi-han.net/theme/se7en/javascripts/typeahead.js]
[G:/网站整站下载器 v1.0/ui/bootstrap/zihan/www.zi-han.net/theme/se7en/javascripts/date.js]
[G:/网站整站下载器 v1.0/ui/bootstrap/zihan/www.zi-han.net/theme/se7en/javascripts/skycons.js]
[G:/网站整站下载器 v1.0/ui/bootstrap/zihan/www.zi-han.net/theme/se7en/javascripts/fitvids.js]
[G:/网站整站下载器 v1.0/ui/bootstrap/zihan/www.zi-han.net/theme/se7en/javascripts/morris.min.js]
[G:/网站整站下载器 v1.0/ui/bootstrap/zihan/www.zi-han.net/theme/se7en/javascripts/jquery.sparkline.min.js]
[G:/网站整站下载器 v1.0/ui/bootstrap/zihan/www.zi-han.net/theme/se7en/images/avatar-male2.png]
[G:/网站整站下载器 v1.0/ui/bootstrap/zihan/www.zi-han.net/theme/se7en/javascripts/respond.js]
[G:/网站整站下载器 v1.0/ui/bootstrap/zihan/www.zi-han.net/theme/se7en/images/avatar-female.png]
[G:/网站整站下载器 v1.0/ui/bootstrap/zihan/www.zi-han.net/theme/se7en/images/avatar-male.jpg]
[G:/网站整站下载器 v1.0/ui/bootstrap/zihan/www.zi-han.net/theme/se7en/javascripts/main.js]
[G:/网站整站下载器 v1.0/ui/bootstrap/zihan/www.zi-han.net/theme/se7en/login1.html]
[G:/网站整站下载器 v1.0/ui/bootstrap/zihan/www.zi-han.net/theme/se7en/index-2.html]
[G:/网站整站下载器 v1.0/ui/bootstrap/zihan/www.zi-han.net/theme/se7en/social.html]
[G:/网站整站下载器 v1.0/ui/bootstrap/zihan/www.zi-han.net/theme/se7en/buttons.html]
[G:/网站整站下载器 v1.0/ui/bootstrap/zihan/www.zi-han.net/theme/se7en/fontawesome.html]
[G:/网站整站下载器 v1.0/ui/bootstrap/zihan/www.zi-han.net/theme/se7en/components.html]
[G:/网站整站下载器 v1.0/ui/bootstrap/zihan/www.zi-han.net/theme/se7en/widgets.html]
[G:/网站整站下载器 v1.0/ui/bootstrap/zihan/www.zi-han.net/theme/se7en/typo.html]
[G:/网站整站下载器 v1.0/ui/bootstrap/zihan/www.zi-han.net/theme/se7en/grid.html]
[G:/网站整站下载器 v1.0/ui/bootstrap/zihan/www.zi-han.net/theme/se7en/form-components.html]
[G:/网站整站下载器 v1.0/ui/bootstrap/zihan/www.zi-han.net/theme/se7en/form-advanced.html]
[G:/网站整站下载器 v1.0/ui/bootstrap/zihan/www.zi-han.net/theme/se7en/tables.html]
[G:/网站整站下载器 v1.0/ui/bootstrap/zihan/www.zi-han.net/theme/se7en/datatables.html]
[G:/网站整站下载器 v1.0/ui/bootstrap/zihan/www.zi-han.net/theme/se7en/datatables-editable.html]
[G:/网站整站下载器 v1.0/ui/bootstrap/zihan/www.zi-han.net/theme/se7en/charts.html]
[G:/网站整站下载器 v1.0/ui/bootstrap/zihan/www.zi-han.net/theme/se7en/chat.html]
[G:/网站整站下载器 v1.0/ui/bootstrap/zihan/www.zi-han.net/theme/se7en/calendar.html]
[G:/网站整站下载器 v1.0/ui/bootstrap/zihan/www.zi-han.net/theme/se7en/timeline.html]
[G:/网站整站下载器 v1.0/ui/bootstrap/zihan/www.zi-han.net/theme/se7en/login2.html]
[G:/网站整站下载器 v1.0/ui/bootstrap/zihan/www.zi-han.net/theme/se7en/signup1.html]
[G:/网站整站下载器 v1.0/ui/bootstrap/zihan/www.zi-han.net/theme/se7en/signup2.html]
[G:/网站整站下载器 v1.0/ui/bootstrap/zihan/www.zi-han.net/theme/se7en/invoice.html]
[G:/网站整站下载器 v1.0/ui/bootstrap/zihan/www.zi-han.net/theme/se7en/faq.html]
[G:/网站整站下载器 v1.0/ui/bootstrap/zihan/www.zi-han.net/theme/se7en/filters.html]
[G:/网站整站下载器 v1.0/ui/bootstrap/zihan/www.zi-han.net/theme/se7en/404-page.html]
[G:/网站整站下载器 v1.0/ui/bootstrap/zihan/www.zi-han.net/theme/se7en/gallery.html]
[G:/网站整站下载器 v1.0/ui/bootstrap/zihan/www.zi-han.net/theme/se7en/docs/index.html]
[G:/网站整站下载器 v1.0/ui/bootstrap/zihan/www.zi-han.net/theme/se7en/images/avatar-female.jpg]
[G:/网站整站下载器 v1.0/ui/bootstrap/zihan/www.zi-han.net/theme/se7en/index.html]
[G:/网站整站下载器 v1.0/ui/bootstrap/zihan/www.zi-han.net/theme/se7en/font/glyphicons-halflings-regular.eot]
[G:/网站整站下载器 v1.0/ui/bootstrap/zihan/www.zi-han.net/theme/se7en/font/glyphicons-halflings-regulard41d.eot]
[G:/网站整站下载器 v1.0/ui/bootstrap/zihan/www.zi-han.net/theme/se7en/stylesheets/bootstrap.min.css]
[G:/网站整站下载器 v1.0/ui/bootstrap/zihan/www.zi-han.net/theme/se7en/font/glyphicons-halflings-regular.svg]
[G:/网站整站下载器 v1.0/ui/bootstrap/zihan/www.zi-han.net/theme/se7en/font/fontawesome-webfont.eot]
[G:/网站整站下载器 v1.0/ui/bootstrap/zihan/www.zi-han.net/theme/se7en/font/glyphicons-halflings-regular.woff]
[G:/网站整站下载器 v1.0/ui/bootstrap/zihan/www.zi-han.net/theme/se7en/font/fontawesome-webfontd41d.eot]
[G:/网站整站下载器 v1.0/ui/bootstrap/zihan/www.zi-han.net/theme/se7en/font/glyphicons-halflings-regular.ttf]
[G:/网站整站下载器 v1.0/ui/bootstrap/zihan/www.zi-han.net/theme/se7en/stylesheets/font-awesome.css]
[G:/网站整站下载器 v1.0/ui/bootstrap/zihan/www.zi-han.net/theme/se7en/font/se7en.eot]
[G:/网站整站下载器 v1.0/ui/bootstrap/zihan/www.zi-han.net/theme/se7en/font/fontawesome-webfont.svg]
[G:/网站整站下载器 v1.0/ui/bootstrap/zihan/www.zi-han.net/theme/se7en/font/se7end41d.eot]
[G:/网站整站下载器 v1.0/ui/bootstrap/zihan/www.zi-han.net/theme/se7en/font/fontawesome-webfont.ttf]
[G:/网站整站下载器 v1.0/ui/bootstrap/zihan/www.zi-han.net/theme/se7en/font/fontawesome-webfont.woff]
[G:/网站整站下载器 v1.0/ui/bootstrap/zihan/www.zi-han.net/theme/se7en/font/se7en.woff]
[G:/网站整站下载器 v1.0/ui/bootstrap/zihan/www.zi-han.net/theme/se7en/font/se7en.ttf]
[G:/网站整站下载器 v1.0/ui/bootstrap/zihan/www.zi-han.net/theme/se7en/stylesheets/se7en-font.css]
[G:/网站整站下载器 v1.0/ui/bootstrap/zihan/www.zi-han.net/theme/se7en/stylesheets/isotope.css]
[G:/网站整站下载器 v1.0/ui/bootstrap/zihan/www.zi-han.net/theme/se7en/font/se7en.svg]
[G:/网站整站下载器 v1.0/ui/bootstrap/zihan/www.zi-han.net/theme/se7en/stylesheets/fancybox_sprite.6e.delayed]
[G:/网站整站下载器 v1.0/ui/bootstrap/zihan/www.zi-han.net/theme/se7en/stylesheets/fancybox_loading.gif]
[G:/网站整站下载器 v1.0/ui/bootstrap/zihan/www.zi-han.net/theme/se7en/stylesheets/blank.gif]
[G:/网站整站下载器 v1.0/ui/bootstrap/zihan/www.zi-han.net/theme/se7en/images/fancybox_overlay.png]
[G:/网站整站下载器 v1.0/ui/bootstrap/zihan/www.zi-han.net/theme/se7en/stylesheets/fancybox_sprite@2x.png]
[G:/网站整站下载器 v1.0/ui/bootstrap/zihan/www.zi-han.net/theme/se7en/stylesheets/fancybox_loading@2x.gif]
[G:/网站整站下载器 v1.0/ui/bootstrap/zihan/www.zi-han.net/theme/se7en/stylesheets/jquery.fancybox.css]
[G:/网站整站下载器 v1.0/ui/bootstrap/zihan/www.zi-han.net/theme/se7en/stylesheets/fullcalendar.css]
[G:/网站整站下载器 v1.0/ui/bootstrap/zihan/www.zi-han.net/theme/se7en/stylesheets/wizard.css]
[G:/网站整站下载器 v1.0/ui/bootstrap/zihan/www.zi-han.net/theme/se7en/images/select2.png]
[G:/网站整站下载器 v1.0/ui/bootstrap/zihan/www.zi-han.net/theme/se7en/images/select2-spinner.gif]
[G:/网站整站下载器 v1.0/ui/bootstrap/zihan/www.zi-han.net/theme/se7en/images/select2x2.png]
[G:/网站整站下载器 v1.0/ui/bootstrap/zihan/www.zi-han.net/theme/se7en/stylesheets/select2.css]
[G:/网站整站下载器 v1.0/ui/bootstrap/zihan/www.zi-han.net/theme/se7en/stylesheets/morris.css]
[G:/网站整站下载器 v1.0/ui/bootstrap/zihan/www.zi-han.net/theme/se7en/images/tables/back_disabled.png]
[G:/网站整站下载器 v1.0/ui/bootstrap/zihan/www.zi-han.net/theme/se7en/images/tables/back_enabled.png]
[G:/网站整站下载器 v1.0/ui/bootstrap/zihan/www.zi-han.net/theme/se7en/images/tables/back_enabled_hover.png]
[G:/网站整站下载器 v1.0/ui/bootstrap/zihan/www.zi-han.net/theme/se7en/images/tables/forward_disabled.png]
[G:/网站整站下载器 v1.0/ui/bootstrap/zihan/www.zi-han.net/theme/se7en/images/tables/forward_enabled.png]
[G:/网站整站下载器 v1.0/ui/bootstrap/zihan/www.zi-han.net/theme/se7en/images/tables/forward_enabled_hover.png]
[G:/网站整站下载器 v1.0/ui/bootstrap/zihan/www.zi-han.net/theme/se7en/stylesheets/datatables.css]
[G:/网站整站下载器 v1.0/ui/bootstrap/zihan/www.zi-han.net/theme/se7en/stylesheets/datepicker.css]
[G:/网站整站下载器 v1.0/ui/bootstrap/zihan/www.zi-han.net/theme/se7en/stylesheets/timepicker.css]
[G:/网站整站下载器 v1.0/ui/bootstrap/zihan/www.zi-han.net/theme/se7en/images/saturation.png]
[G:/网站整站下载器 v1.0/ui/bootstrap/zihan/www.zi-han.net/theme/se7en/images/hue.png]
[G:/网站整站下载器 v1.0/ui/bootstrap/zihan/www.zi-han.net/theme/se7en/images/alpha.png]
[G:/网站整站下载器 v1.0/ui/bootstrap/zihan/www.zi-han.net/theme/se7en/stylesheets/colorpicker.css]
[G:/网站整站下载器 v1.0/ui/bootstrap/zihan/www.zi-han.net/theme/se7en/stylesheets/bootstrap-switch.css]
[G:/网站整站下载器 v1.0/ui/bootstrap/zihan/www.zi-han.net/theme/se7en/stylesheets/daterange-picker.css]
[G:/网站整站下载器 v1.0/ui/bootstrap/zihan/www.zi-han.net/theme/se7en/stylesheets/typeahead.css]
[G:/网站整站下载器 v1.0/ui/bootstrap/zihan/www.zi-han.net/theme/se7en/stylesheets/summernote.css]
[G:/网站整站下载器 v1.0/ui/bootstrap/zihan/www.zi-han.net/theme/se7en/stylesheets/pygments.css]
[G:/网站整站下载器 v1.0/ui/bootstrap/zihan/www.zi-han.net/theme/se7en/images/login-blurry-bg.jpg]
[G:/网站整站下载器 v1.0/ui/bootstrap/zihan/www.zi-han.net/theme/se7en/images/se7en-logo.png]
[G:/网站整站下载器 v1.0/ui/bootstrap/zihan/www.zi-han.net/theme/se7en/images/se7en-logo@2x.png]
[G:/网站整站下载器 v1.0/ui/bootstrap/zihan/www.zi-han.net/theme/se7en/images/icon-search.png]
[G:/网站整站下载器 v1.0/ui/bootstrap/zihan/www.zi-han.net/theme/se7en/images/icon-search@2x.png]
[G:/网站整站下载器 v1.0/ui/bootstrap/zihan/www.zi-han.net/theme/se7en/images/nav-sprite.png]
[G:/网站整站下载器 v1.0/ui/bootstrap/zihan/www.zi-han.net/theme/se7en/images/nav-sprite@2x.png]
[G:/网站整站下载器 v1.0/ui/bootstrap/zihan/www.zi-han.net/theme/se7en/images/info-data-sprite.png]
[G:/网站整站下载器 v1.0/ui/bootstrap/zihan/www.zi-han.net/theme/se7en/images/info-data-sprite@2x.png]
[G:/网站整站下载器 v1.0/ui/bootstrap/zihan/www.zi-han.net/theme/se7en/images/chat-left.png]
[G:/网站整站下载器 v1.0/ui/bootstrap/zihan/www.zi-han.net/theme/se7en/images/chat-left@2x.png]
[G:/网站整站下载器 v1.0/ui/bootstrap/zihan/www.zi-han.net/theme/se7en/images/chat-right.png]
[G:/网站整站下载器 v1.0/ui/bootstrap/zihan/www.zi-han.net/theme/se7en/images/chat-right@2x.png]
[G:/网站整站下载器 v1.0/ui/bootstrap/zihan/www.zi-han.net/theme/se7en/images/checkmark.png]
[G:/网站整站下载器 v1.0/ui/bootstrap/zihan/www.zi-han.net/theme/se7en/stylesheets/style.css]
[G:/网站整站下载器 v1.0/ui/bootstrap/zihan/www.zi-han.net/theme/se7en/images/checkmark@2x.png]
[G:/网站整站下载器 v1.0/ui/bootstrap/zihan/www.zi-han.net/theme/se7en/stylesheets/color/green.css]
[G:/网站整站下载器 v1.0/ui/bootstrap/zihan/www.zi-han.net/theme/se7en/stylesheets/color/orange.css]
[G:/网站整站下载器 v1.0/ui/bootstrap/zihan/www.zi-han.net/theme/se7en/stylesheets/color/magenta.css]
[G:/网站整站下载器 v1.0/ui/bootstrap/zihan/www.zi-han.net/theme/se7en/stylesheets/color/gray.css]
[G:/网站整站下载器 v1.0/ui/bootstrap/zihan/code.jquery.com/jquery-1.10.2.min.js]
[G:/网站整站下载器 v1.0/ui/bootstrap/zihan/code.jquery.com/ui/1.10.3/jquery-ui.js]
[G:/网站整站下载器 v1.0/ui/bootstrap/zihan/www.zi-han.net/theme/se7en/javascripts/masonry.min.js]
[G:/网站整站下载器 v1.0/ui/bootstrap/zihan/www.zi-han.net/theme/se7en/images/logo-login@2x.png]
[G:/网站整站下载器 v1.0/ui/bootstrap/zihan/www.zi-han.net/theme/se7en/login1.html]
[G:/网站整站下载器 v1.0/ui/bootstrap/zihan/www.zi-han.net/theme/se7en/index-2.html]
[G:/网站整站下载器 v1.0/ui/bootstrap/zihan/www.zi-han.net/theme/se7en/images/avatar-female2.png]
[G:/网站整站下载器 v1.0/ui/bootstrap/zihan/www.zi-han.net/theme/se7en/images/social-image.jpg]
[G:/网站整站下载器 v1.0/ui/bootstrap/zihan/dribbble.s3.amazonaws.com/users/13774/screenshots/217337/manofscience.jpg]
[G:/网站整站下载器 v1.0/ui/bootstrap/zihan/www.zi-han.net/theme/se7en/social.html]
[G:/网站整站下载器 v1.0/ui/bootstrap/zihan/www.zi-han.net/theme/se7en/buttons.html]
[G:/网站整站下载器 v1.0/ui/bootstrap/zihan/www.zi-han.net/theme/se7en/fontawesome.html]
[G:/网站整站下载器 v1.0/ui/bootstrap/zihan/www.zi-han.net/theme/se7en/components.html]
[G:/网站整站下载器 v1.0/ui/bootstrap/zihan/www.zi-han.net/theme/se7en/widgets.html]
[G:/网站整站下载器 v1.0/ui/bootstrap/zihan/www.zi-han.net/theme/se7en/typo.html]
[G:/网站整站下载器 v1.0/ui/bootstrap/zihan/www.zi-han.net/theme/se7en/grid.html]
[G:/网站整站下载器 v1.0/ui/bootstrap/zihan/www.zi-han.net/theme/se7en/images/noimage.gif]
[G:/网站整站下载器 v1.0/ui/bootstrap/zihan/www.zi-han.net/theme/se7en/form-components.html]
[G:/网站整站下载器 v1.0/ui/bootstrap/zihan/www.zi-han.net/theme/se7en/form-advanced.html]
[G:/网站整站下载器 v1.0/ui/bootstrap/zihan/www.zi-han.net/theme/se7en/tables.html]
[G:/网站整站下载器 v1.0/ui/bootstrap/zihan/www.zi-han.net/theme/se7en/datatables.html]
[G:/网站整站下载器 v1.0/ui/bootstrap/zihan/www.zi-han.net/theme/se7en/datatables-editable.html]
[G:/网站整站下载器 v1.0/ui/bootstrap/zihan/www.zi-han.net/theme/se7en/charts.html]
[G:/网站整站下载器 v1.0/ui/bootstrap/zihan/www.zi-han.net/theme/se7en/chat.html]
[G:/网站整站下载器 v1.0/ui/bootstrap/zihan/www.zi-han.net/theme/se7en/calendar.html]
[G:/网站整站下载器 v1.0/ui/bootstrap/zihan/www.zi-han.net/theme/se7en/images/img-coast.jpg]
[G:/网站整站下载器 v1.0/ui/bootstrap/zihan/www.zi-han.net/theme/se7en/timeline.html]
[G:/网站整站下载器 v1.0/ui/bootstrap/zihan/www.zi-han.net/theme/se7en/login2.html]
[G:/网站整站下载器 v1.0/ui/bootstrap/zihan/www.zi-han.net/theme/se7en/signup1.html]
[G:/网站整站下载器 v1.0/ui/bootstrap/zihan/www.zi-han.net/theme/se7en/signup2.html]
[G:/网站整站下载器 v1.0/ui/bootstrap/zihan/www.zi-han.net/theme/se7en/invoice.html]
[G:/网站整站下载器 v1.0/ui/bootstrap/zihan/www.zi-han.net/theme/se7en/faq.html]
[G:/网站整站下载器 v1.0/ui/bootstrap/zihan/www.zi-han.net/theme/se7en/filters.html]
[G:/网站整站下载器 v1.0/ui/bootstrap/zihan/www.zi-han.net/theme/se7en/javascripts/application.js]
[G:/网站整站下载器 v1.0/ui/bootstrap/zihan/www.zi-han.net/theme/se7en/404-page.html]
[G:/网站整站下载器 v1.0/ui/bootstrap/zihan/www.zi-han.net/theme/se7en/images/nature1.jpg]
[G:/网站整站下载器 v1.0/ui/bootstrap/zihan/www.zi-han.net/theme/se7en/images/nature3.jpg]
[G:/网站整站下载器 v1.0/ui/bootstrap/zihan/www.zi-han.net/theme/se7en/images/nature2.jpg]
[G:/网站整站下载器 v1.0/ui/bootstrap/zihan/www.zi-han.net/theme/se7en/images/nature4.jpg]
[G:/网站整站下载器 v1.0/ui/bootstrap/zihan/www.zi-han.net/theme/se7en/images/image-iso5.png]
[G:/网站整站下载器 v1.0/ui/bootstrap/zihan/www.zi-han.net/theme/se7en/images/image-iso2.jpg]
[G:/网站整站下载器 v1.0/ui/bootstrap/zihan/www.zi-han.net/theme/se7en/images/image-iso3.png]
[G:/网站整站下载器 v1.0/ui/bootstrap/zihan/www.zi-han.net/theme/se7en/images/image-iso4.png]
[G:/网站整站下载器 v1.0/ui/bootstrap/zihan/www.zi-han.net/theme/se7en/images/image-iso6.png]
[G:/网站整站下载器 v1.0/ui/bootstrap/zihan/www.zi-han.net/theme/se7en/images/image-iso.png]
[G:/网站整站下载器 v1.0/ui/bootstrap/zihan/www.zi-han.net/theme/se7en/images/image-iso7.png]
[G:/网站整站下载器 v1.0/ui/bootstrap/zihan/www.zi-han.net/theme/se7en/images/image-iso8.png]
[G:/网站整站下载器 v1.0/ui/bootstrap/zihan/www.zi-han.net/theme/se7en/images/image-iso9.png]
[G:/网站整站下载器 v1.0/ui/bootstrap/zihan/www.zi-han.net/theme/se7en/images/image5.jpg]
[G:/网站整站下载器 v1.0/ui/bootstrap/zihan/www.zi-han.net/theme/se7en/images/image6.png]
[G:/网站整站下载器 v1.0/ui/bootstrap/zihan/www.zi-han.net/theme/se7en/images/image7.png]
[G:/网站整站下载器 v1.0/ui/bootstrap/zihan/www.zi-han.net/theme/se7en/gallery.html]
[G:/网站整站下载器 v1.0/ui/bootstrap/zihan/www.zi-han.net/theme/se7en/stylesheets/docs.css]
[G:/网站整站下载器 v1.0/ui/bootstrap/zihan/www.zi-han.net/theme/se7en/javascripts/docs.js]
[G:/网站整站下载器 v1.0/ui/bootstrap/zihan/www.zi-han.net/theme/se7en/docs/index.html]
[G:/网站整站下载器 v1.0/ui/bootstrap/zihan/www.zi-han.net/theme/se7en/font/glyphicons-halflings-regular.svg]
[G:/网站整站下载器 v1.0/ui/bootstrap/zihan/www.zi-han.net/theme/se7en/font/fontawesome-webfont.svg]
[G:/网站整站下载器 v1.0/ui/bootstrap/zihan/www.zi-han.net/theme/se7en/font/se7en.svg]
[G:/网站整站下载器 v1.0/ui/bootstrap/zihan/www.zi-han.net/theme/se7en/stylesheets/fancybox_sprite.html]
[G:/网站整站下载器 v1.0/ui/bootstrap/zihan/www.zi-han.net/theme/se7en/stylesheets/fancybox_loading.html]
[G:/网站整站下载器 v1.0/ui/bootstrap/zihan/www.zi-han.net/theme/se7en/stylesheets/blank.html]
[G:/网站整站下载器 v1.0/ui/bootstrap/zihan/www.zi-han.net/theme/se7en/stylesheets/fancybox_sprite@2x.html]
[G:/网站整站下载器 v1.0/ui/bootstrap/zihan/www.zi-han.net/theme/se7en/stylesheets/fancybox_loading@2x.html]
[G:/网站整站下载器 v1.0/ui/bootstrap/zihan/www.zi-han.net/theme/se7en/images/tables/back_disabled.html]
[G:/网站整站下载器 v1.0/ui/bootstrap/zihan/www.zi-han.net/theme/se7en/images/tables/back_enabled.html]
[G:/网站整站下载器 v1.0/ui/bootstrap/zihan/www.zi-han.net/theme/se7en/images/tables/back_enabled_hover.html]
[G:/网站整站下载器 v1.0/ui/bootstrap/zihan/www.zi-han.net/theme/se7en/images/tables/forward_disabled.html]
[G:/网站整站下载器 v1.0/ui/bootstrap/zihan/www.zi-han.net/theme/se7en/images/tables/forward_enabled.html]
[G:/网站整站下载器 v1.0/ui/bootstrap/zihan/www.zi-han.net/theme/se7en/images/tables/forward_enabled_hover.html]
[G:/网站整站下载器 v1.0/ui/bootstrap/zihan/www.zi-han.net/theme/se7en/javascripts/masonry.min.html]
[G:/网站整站下载器 v1.0/ui/bootstrap/zihan/www.zi-han.net/theme/se7en/stylesheets/docs.css]
[G:/网站整站下载器 v1.0/ui/bootstrap/zihan/www.zi-han.net/theme/se7en/glyphicons.html]
[G:/网站整站下载器 v1.0/ui/bootstrap/zihan/dribbble.s3.amazonaws.com/users/13774/screenshots/217337/manofscience.jpg]
[G:/网站整站下载器 v1.0/ui/bootstrap/zihan/www.zi-han.net/theme/se7en/glyphicons.html]
